Microchip MPLAB XC8 Compiler V2.41

Linker command line:

-W-3 \
  --edf=C:/Program Files/Microchip/MPLABX/v6.10/packs/Microchip/PIC16Fxxx_DFP/1.4.149/xc8\pic\dat\20230322214319_en.msgs \
  -cn -h+dist/default/production\CBB.X.production.sym \
  --cmf=dist/default/production\CBB.X.production.cmf -z -Q16F877A \
  -oC:\Users\Admin\AppData\Local\Temp\xcAsc24.\driver_tmp_3.o \
  --defsym=__MPLAB_BUILD=1 --fixupoverflow=error \
  -Mdist/default/production/CBB.X.production.map \
  --md=C:\Users\Admin\AppData\Local\Temp\xcAsc24.\driver_tmp_0.dat -E1 \
  -ver=XC8 Compiler --acfsm=1493 -ACODE=00h-07FFhx4 -ASTRCODE=00h-01FFFh \
  -ASTRING=00h-0FFhx32 -ACONST=00h-0FFhx32 -AENTRY=00h-0FFhx32 \
  -ACOMMON=070h-07Fh -ABANK0=020h-06Fh -ABANK1=0A0h-0EFh \
  -ABANK2=0110h-016Fh -ABANK3=0190h-01EFh \
  -ARAM=020h-06Fh,0A0h-0EFh,0110h-016Fh,0190h-01EFh \
  -AABS1=020h-07Fh,0A0h-0EFh,0110h-016Fh,0190h-01EFh -ASFR0=00h-01Fh \
  -ASFR1=080h-09Fh -ASFR2=0100h-010Fh -ASFR3=0180h-018Fh \
  -ACONFIG=02007h-02007h -DCONFIG=2 -AIDLOC=02000h-02003h -DIDLOC=2 \
  -AEEDATA=00h-0FFh/02100h -peeprom_data=EEDATA -DEEDATA=2 -DCODE=2 \
  -DSTRCODE=2 -DSTRING=2 -DCONST=2 -DENTRY=2 \
  -preset_vec=00h,intentry,init,end_init -ppowerup=CODE -pcinit=CODE \
  -pfunctab=ENTRY -k \
  C:\Users\Admin\AppData\Local\Temp\xcAsc24.\driver_tmp_12.o \
  dist/default/production\CBB.X.production.o 

Object code version is 3.11

Machine type is 16F877A



                Name                               Link     Load   Length Selector   Space Scale
C:\Users\Admin\AppData\Local\Temp\xcAsc24.\driver_tmp_12.o
                end_init                              0        0        3        0       0
                config                             2007     2007        1        0       4
dist/default/production\CBB.X.production.o
                cinit                               7E6      7E6       1A      FCC       0
                config                             2007     2007        1        0       4
                text31                              4D2      4D2       20      9A4       0
                text30                              4F2      4F2       20      9E4       0
                text29                              387      387        A      70E       0
                text28                              459      459       1E      8B2       0
                text27                              77F      77F       67      EFE       0
                text26                              6C0      6C0       59      D80       0
                text25                              3CD      3CD       11      79A       0
                text24                              5DE      5DE       3A      BBC       0
                text23                              3B2      3B2        D      764       0
                text22                              512      512       21      A24       0
                text21                              375      375        9      6EA       0
                text20                              37E      37E        9      6FC       0
                text19                              391      391        B      722       0
                text18                              39C      39C        B      738       0
                text17                              581      581       2B      B02       0
                text16                              618      618       51      C30       0
                text15                              3BF      3BF        E      77E       0
                text14                              43D      43D       1C      87A       0
                text13                              3DE      3DE       12      7BC       0
                text12                              557      557       2A      AAE       0
                text11                              428      428       15      850       0
                text10                              366      366        7      6CC       0
                text9                               669      669       57      CD2       0
                text8                               3A7      3A7        B      74E       0
                text7                               360      360        6      6C0       0
                text6                               477      477       1E      8EE       0
                text5                               402      402       13      804       0
                text4                               719      719       66      E32       0
                text3                               5AC      5AC       32      B58       0
                text2                               533      533       24      A66       0
                text1                               4B3      4B3       1F      966       0
                maintext                            495      495       1E      92A       0
                cstackBANK0                          32       32       12       20       1
                cstackCOMMON                         70       70        E       70       1
                clrtext                             36D      36D        8      6DA       0
                inittext                            415      415       13      82A       0
                dataBANK0                            20       20       12       20       1
                bssBANK0                             44       44       11       20       1
                strings                               3        3        9        6       0
                idataBANK0                          3F0      3F0       12      7E0       0

TOTAL           Name                               Link     Load   Length     Space
        CLASS   CODE           
                end_init                              0        0        3         0
                cinit                               7E6      7E6       1A         0
                text31                              4D2      4D2       20         0
                text30                              4F2      4F2       20         0
                text29                              387      387        A         0
                text28                              459      459       1E         0
                text27                              77F      77F       67         0
                text26                              6C0      6C0       59         0
                text25                              3CD      3CD       11         0
                text24                              5DE      5DE       3A         0
                text23                              3B2      3B2        D         0
                text22                              512      512       21         0
                text21                              375      375        9         0
                text20                              37E      37E        9         0
                text19                              391      391        B         0
                text18                              39C      39C        B         0
                text17                              581      581       2B         0
                text16                              618      618       51         0
                text15                              3BF      3BF        E         0
                text14                              43D      43D       1C         0
                text13                              3DE      3DE       12         0
                text12                              557      557       2A         0
                text11                              428      428       15         0
                text10                              366      366        7         0
                text9                               669      669       57         0
                text8                               3A7      3A7        B         0
                text7                               360      360        6         0
                text6                               477      477       1E         0
                text5                               402      402       13         0
                text4                               719      719       66         0
                text3                               5AC      5AC       32         0
                text2                               533      533       24         0
                text1                               4B3      4B3       1F         0
                maintext                            495      495       1E         0
                clrtext                             36D      36D        8         0
                inittext                            415      415       13         0
                idataBANK0                          3F0      3F0       12         0

        CLASS   STRCODE        

        CLASS   STRING         
                strings                               3        3        9         0

        CLASS   CONST          

        CLASS   ENTRY          

        CLASS   COMMON         
                cstackCOMMON                         70       70        E         1

        CLASS   BANK0          
                cstackBANK0                          32       32       12         1
                dataBANK0                            20       20       12         1
                bssBANK0                             44       44       11         1

        CLASS   BANK1          

        CLASS   BANK2          

        CLASS   BANK3          

        CLASS   RAM            

        CLASS   ABS1           
                abs_s1                               7E       7E        2         1

        CLASS   SFR0           

        CLASS   SFR1           

        CLASS   SFR2           

        CLASS   SFR3           

        CLASS   CONFIG         
                config                             2007     2007        1         4

        CLASS   IDLOC          

        CLASS   EEDATA         

        CLASS   STACK          



SEGMENTS        Name                           Load    Length   Top    Selector   Space  Class     Delta

                reset_vec                      000000  000003  000003         0       0  CODE        2
                strings                        000003  000009  00000C         6       0  STRING      2
                dataBANK0                      000020  000035  000055        20       1  BANK0       1
                cstackCOMMON                   000070  00000E  00007E        70       1  COMMON      1
                text7                          000360  000006  000366       6C0       0  CODE        2
                text10                         000366  000007  00036D       6CC       0  CODE        2
                clrtext                        00036D  000008  000375       6DA       0  CODE        2
                text21                         000375  000009  00037E       6EA       0  CODE        2
                text20                         00037E  000009  000387       6FC       0  CODE        2
                text29                         000387  00000A  000391       70E       0  CODE        2
                text19                         000391  00000B  00039C       722       0  CODE        2
                text18                         00039C  00000B  0003A7       738       0  CODE        2
                text8                          0003A7  00000B  0003B2       74E       0  CODE        2
                text23                         0003B2  00000D  0003BF       764       0  CODE        2
                text15                         0003BF  00000E  0003CD       77E       0  CODE        2
                text25                         0003CD  000011  0003DE       79A       0  CODE        2
                text13                         0003DE  000012  0003F0       7BC       0  CODE        2
                idataBANK0                     0003F0  000012  000402       7E0       0  CODE        2
                text5                          000402  000013  000415       804       0  CODE        2
                inittext                       000415  000013  000428       82A       0  CODE        2
                text11                         000428  000015  00043D       850       0  CODE        2
                text14                         00043D  00001C  000459       87A       0  CODE        2
                text28                         000459  00001E  000477       8B2       0  CODE        2
                text6                          000477  00001E  000495       8EE       0  CODE        2
                maintext                       000495  00001E  0004B3       92A       0  CODE        2
                text1                          0004B3  00001F  0004D2       966       0  CODE        2
                text31                         0004D2  000020  0004F2       9A4       0  CODE        2
                text30                         0004F2  000020  000512       9E4       0  CODE        2
                text22                         000512  000021  000533       A24       0  CODE        2
                text2                          000533  000024  000557       A66       0  CODE        2
                text12                         000557  00002A  000581       AAE       0  CODE        2
                text17                         000581  00002B  0005AC       B02       0  CODE        2
                text3                          0005AC  000032  0005DE       B58       0  CODE        2
                text24                         0005DE  00003A  000618       BBC       0  CODE        2
                text16                         000618  000051  000669       C30       0  CODE        2
                text9                          000669  000057  0006C0       CD2       0  CODE        2
                text26                         0006C0  000059  000719       D80       0  CODE        2
                text4                          000719  000066  00077F       E32       0  CODE        2
                text27                         00077F  000067  0007E6       EFE       0  CODE        2
                cinit                          0007E6  00001A  000800       FCC       0  CODE        2


UNUSED ADDRESS RANGES

        Name                Unused          Largest block    Delta
        BANK0            0055-006F             1B           1
        BANK1            00A0-00EF             50           1
        BANK2            0110-016F             60           1
        BANK3            0190-01EF             60           1
        CODE             000C-035F            354           2
                         0800-1FFF            800
        CONST            000C-035F            100           2
                         0800-1FFF            100
        EEDATA           2100-21FF            100           2
        ENTRY            000C-035F            100           2
                         0800-1FFF            100
        IDLOC            2000-2003              4           2
        RAM              0055-006F             1B           1
                         00A0-00EF             50
                         0110-016F             60
                         0190-01EF             60
        SFR0             0000-001F             20           1
        SFR1             0080-009F             20           1
        SFR2             0100-010F             10           1
        SFR3             0180-018F             10           1
        STRCODE          000C-035F            354           2
                         0800-1FFF           1800
        STRING           000C-035F            100           2
                         0800-1FFF            100

                                  Symbol Table

?___awdiv                        cstackCOMMON 0070
?___awmod                        cstackCOMMON 0070
?___lldiv                        cstackCOMMON 0070
?_read_adc                       cstackCOMMON 0070
_ACKDT                           (abs)        048D
_ACKEN                           (abs)        048C
_ACKSTAT                         (abs)        048E
_ADFM                            (abs)        04FF
_ADON                            (abs)        00F8
_ADRESH                          (abs)        001E
_ADRESL                          (abs)        009E
_GO                              (abs)        00FA
_PEN                             (abs)        048A
_PORTB                           (abs)        0006
_PORTD                           (abs)        0008
_RCEN                            (abs)        048B
_RE1                             (abs)        0049
_RE2                             (abs)        004A
_R_nW                            (abs)        04A2
_SEN                             (abs)        0488
_SSPADD                          (abs)        0093
_SSPBUF                          (abs)        0013
_SSPCON2                         (abs)        0091
_SSPEN                           (abs)        00A5
_SSPM3                           (abs)        00A3
_TRISB                           (abs)        0086
_TRISD                           (abs)        0088
_TRISE1                          (abs)        0449
_TRISE2                          (abs)        044A
__H__absolute__                  __absolute__ 0000
__Habs1                          abs1         0000
__Hbank0                         bank0        0000
__Hbank1                         bank1        0000
__Hbank2                         bank2        0000
__Hbank3                         bank3        0000
__HbssBANK0                      bssBANK0     0000
__Hcinit                         cinit        0800
__Hclrtext                       clrtext      0000
__Hcode                          code         0000
__Hcommon                        common       0000
__Hconfig                        config       2008
__HcstackBANK0                   cstackBANK0  0000
__HcstackCOMMON                  cstackCOMMON 0000
__HdataBANK0                     dataBANK0    0000
__Heeprom_data                   eeprom_data  0000
__Hend_init                      end_init     0003
__Hfunctab                       functab      0000
__HidataBANK0                    idataBANK0   0000
__Hinit                          init         0000
__Hinittext                      inittext     0000
__Hintentry                      intentry     0000
__Hmaintext                      maintext     0000
__Hpowerup                       powerup      0000
__Hram                           ram          0000
__Hreset_vec                     reset_vec    0000
__Hsfr0                          sfr0         0000
__Hsfr1                          sfr1         0000
__Hsfr2                          sfr2         0000
__Hsfr3                          sfr3         0000
__Hspace_0                       (abs)        0800
__Hspace_1                       (abs)        007E
__Hspace_2                       (abs)        0000
__Hspace_3                       (abs)        0000
__Hspace_4                       (abs)        400F
__Hstack                         stack        0000
__Hstrings                       strings      0000
__Htext                          text         0000
__L__absolute__                  __absolute__ 0000
__Labs1                          abs1         0000
__Lbank0                         bank0        0000
__Lbank1                         bank1        0000
__Lbank2                         bank2        0000
__Lbank3                         bank3        0000
__LbssBANK0                      bssBANK0     0000
__Lcinit                         cinit        07E6
__Lclrtext                       clrtext      0000
__Lcode                          code         0000
__Lcommon                        common       0000
__Lconfig                        config       0000
__LcstackBANK0                   cstackBANK0  0000
__LcstackCOMMON                  cstackCOMMON 0000
__LdataBANK0                     dataBANK0    0000
__Leeprom_data                   eeprom_data  0000
__Lend_init                      end_init     0000
__Lfunctab                       functab      0000
__LidataBANK0                    idataBANK0   0000
__Linit                          init         0000
__Linittext                      inittext     0000
__Lintentry                      intentry     0000
__Lmaintext                      maintext     0000
__Lpowerup                       powerup      0000
__Lram                           ram          0000
__Lreset_vec                     reset_vec    0000
__Lsfr0                          sfr0         0000
__Lsfr1                          sfr1         0000
__Lsfr2                          sfr2         0000
__Lsfr3                          sfr3         0000
__Lspace_0                       (abs)        0000
__Lspace_1                       (abs)        0000
__Lspace_2                       (abs)        0000
__Lspace_3                       (abs)        0000
__Lspace_4                       (abs)        0000
__Lstack                         stack        0000
__Lstrings                       strings      0000
__Ltext                          text         0000
__S0                             (abs)        0800
__S1                             (abs)        007E
__S3                             (abs)        0000
___awdiv                         text27       077F
___awdiv@counter                 cstackCOMMON 0074
___awdiv@dividend                cstackCOMMON 0072
___awdiv@divisor                 cstackCOMMON 0070
___awdiv@quotient                cstackCOMMON 0076
___awdiv@sign                    cstackCOMMON 0075
___awmod                         text26       06C0
___awmod@counter                 cstackCOMMON 0074
___awmod@dividend                cstackCOMMON 0072
___awmod@divisor                 cstackCOMMON 0070
___awmod@sign                    cstackCOMMON 0075
___int_sp                        stack        0000
___latbits                       (abs)        0002
___lldiv                         text4        0719
___lldiv@counter                 cstackCOMMON 007D
___lldiv@dividend                cstackCOMMON 0074
___lldiv@divisor                 cstackCOMMON 0070
___lldiv@quotient                cstackCOMMON 0079
___sp                            stack        0000
___stackhi                       (abs)        0000
___stacklo                       (abs)        0000
__end_of___awdiv                 text27       07E6
__end_of___awmod                 text26       0719
__end_of___lldiv                 text4        077F
__end_of__initialization         cinit        07FC
__end_of__stringtab              strings      0009
__end_of_clcd_print              text30       0512
__end_of_clcd_putch              text25       03DE
__end_of_clcd_write              text31       04F2
__end_of_display_dashboard       text14       0459
__end_of_displayevent            text29       0391
__end_of_displayheader           text28       0477
__end_of_displayspeed            text24       0618
__end_of_displaytime             text15       03CD
__end_of_getdata                 text11       043D
__end_of_gettime                 text16       0669
__end_of_i2c_read                text22       0533
__end_of_i2c_rep_start           text19       039C
__end_of_i2c_start               text21       037E
__end_of_i2c_stop                text20       0387
__end_of_i2c_wait_for_idle       text23       03BF
__end_of_i2c_write               text18       03A7
__end_of_init_adc                text10       036D
__end_of_init_clcd               text8        03B2
__end_of_init_config             text2        0557
__end_of_init_digital_keypad     text7        0366
__end_of_init_display_controller text9        06C0
__end_of_init_ds1307             text5        0415
__end_of_init_i2c                text3        05DE
__end_of_main                    maintext     04B3
__end_of_read_adc                text13       03F0
__end_of_read_digital_keypad     text12       0581
__end_of_read_ds1307             text17       05AC
__end_of_strcpy                  text1        04D2
__end_of_write_ds1307            text6        0495
__initialization                 cinit        07E6
__pbssBANK0                      bssBANK0     0044
__pcstackBANK0                   cstackBANK0  0032
__pcstackCOMMON                  cstackCOMMON 0070
__pdataBANK0                     dataBANK0    0020
__pidataBANK0                    idataBANK0   03F0
__pmaintext                      maintext     0495
__pstrings                       strings      0003
__ptext1                         text1        04B3
__ptext10                        text10       0366
__ptext11                        text11       0428
__ptext12                        text12       0557
__ptext13                        text13       03DE
__ptext14                        text14       043D
__ptext15                        text15       03BF
__ptext16                        text16       0618
__ptext17                        text17       0581
__ptext18                        text18       039C
__ptext19                        text19       0391
__ptext2                         text2        0533
__ptext20                        text20       037E
__ptext21                        text21       0375
__ptext22                        text22       0512
__ptext23                        text23       03B2
__ptext24                        text24       05DE
__ptext25                        text25       03CD
__ptext26                        text26       06C0
__ptext27                        text27       077F
__ptext28                        text28       0459
__ptext29                        text29       0387
__ptext3                         text3        05AC
__ptext30                        text30       04F2
__ptext31                        text31       04D2
__ptext4                         text4        0719
__ptext5                         text5        0402
__ptext6                         text6        0477
__ptext7                         text7        0360
__ptext8                         text8        03A7
__ptext9                         text9        0669
__stringbase                     strings      0008
__stringtab                      strings      0003
_clcd_print                      text30       04F2
_clcd_putch                      text25       03CD
_clcd_write                      text31       04D2
_clocktime                       bssBANK0     0044
_display_dashboard               text14       043D
_displayevent                    text29       0387
_displayheader                   text28       0459
_displayspeed                    text24       05DE
_displaytime                     text15       03BF
_event                           bssBANK0     0053
_getdata                         text11       0428
_gettime                         text16       0618
_i2c_read                        text22       0512
_i2c_rep_start                   text19       0391
_i2c_start                       text21       0375
_i2c_stop                        text20       037E
_i2c_wait_for_idle               text23       03B2
_i2c_write                       text18       039C
_init_adc                        text10       0366
_init_clcd                       text8        03A7
_init_config                     text2        0533
_init_digital_keypad             text7        0360
_init_display_controller         text9        0669
_init_ds1307                     text5        0402
_init_i2c                        text3        05AC
_key                             bssBANK0     0047
_main                            maintext     0495
_nDONE                           (abs)        00FA
_read_adc                        text13       03DE
_read_digital_keypad             text12       0557
_read_ds1307                     text17       0581
_speed                           bssBANK0     0051
_strcpy                          text1        04B3
_time                            bssBANK0     0048
_write_ds1307                    text6        0477
btemp                            (abs)        007E
clcd_print@addr                  cstackCOMMON 0074
clcd_print@str                   cstackCOMMON 0075
clcd_putch@addr                  cstackCOMMON 0078
clcd_putch@data                  cstackCOMMON 0079
clcd_write@byte                  cstackCOMMON 0073
clcd_write@mode                  cstackCOMMON 0070
clear_ram0                       clrtext      036D
display_dashboard@event          cstackBANK0  0043
display_dashboard@speed          cstackCOMMON 007D
displayevent@event               cstackCOMMON 0076
displayheader@F1007              dataBANK0    0020
displayheader@header             cstackBANK0  0032
displayspeed@speed               cstackCOMMON 007C
end_of_initialization            cinit        07FC
i2c_read@ack                     cstackCOMMON 0070
i2c_read@data                    cstackCOMMON 0071
i2c_write@data                   cstackCOMMON 0070
init_ds1307@dummy                cstackCOMMON 0074
init_fetch0                      inittext     0415
init_i2c@baud                    cstackBANK0  0032
init_ram0                        inittext     0419
intlevel0                        functab      0000
intlevel1                        functab      0000
intlevel2                        functab      0000
intlevel3                        functab      0000
intlevel4                        functab      0000
intlevel5                        functab      0000
read_adc@adc_reg_val             cstackCOMMON 0072
read_digital_keypad@mode         cstackCOMMON 0071
read_digital_keypad@once         dataBANK0    0031
read_ds1307@addr                 cstackCOMMON 0072
read_ds1307@data                 cstackCOMMON 0073
reset_vec                        reset_vec    0000
start                            init         0000
start_initialization             cinit        07E6
strcpy@cp                        cstackCOMMON 0072
strcpy@from                      cstackCOMMON 0070
strcpy@to                        cstackCOMMON 0071
write_ds1307@addr                cstackCOMMON 0072
write_ds1307@data                cstackCOMMON 0071
wtemp0                           (abs)        007E


MODULE INFORMATION

Module		Function		Class		Link	Load	Size
digital_keypad.c
		_init_digital_keypad		CODE           	0360	0000	6
		_read_digital_keypad		CODE           	0557	0000	42

digital_keypad.c estimated size: 48

C:\Program Files\Microchip\xc8\v2.41\pic\sources\c90\common\awdiv.c
		___awdiv       		CODE           	077F	0000	103

C:\Program Files\Microchip\xc8\v2.41\pic\sources\c90\common\awdiv.c estimated size: 103

C:\Program Files\Microchip\xc8\v2.41\pic\sources\c90\common\__lldiv.c
		___lldiv       		CODE           	0719	0000	102

C:\Program Files\Microchip\xc8\v2.41\pic\sources\c90\common\__lldiv.c estimated size: 102

i2c.c
		_i2c_start     		CODE           	0375	0000	9
		_i2c_rep_start 		CODE           	0391	0000	11
		_i2c_write     		CODE           	039C	0000	11
		_i2c_stop      		CODE           	037E	0000	9
		_i2c_read      		CODE           	0512	0000	33
		_init_i2c      		CODE           	05AC	0000	50
		_i2c_wait_for_idle		CODE           	03B2	0000	13

i2c.c estimated size: 136

ds1307.c
		_read_ds1307   		CODE           	0581	0000	43
		_write_ds1307  		CODE           	0477	0000	30
		_init_ds1307   		CODE           	0402	0000	19

ds1307.c estimated size: 92

adc.c
		_init_adc      		CODE           	0366	0000	7
		_read_adc      		CODE           	03DE	0000	18

adc.c estimated size: 25

shared
		__stringtab    		STRING         	0003	0000	6
		__initialization		CODE           	07E6	0000	22

shared estimated size: 28

clcd.c
		_clcd_write    		CODE           	04D2	0000	32
		_clcd_print    		CODE           	04F2	0000	32
		_clcd_putch    		CODE           	03CD	0000	17
		_init_display_controller		CODE           	0669	0000	87
		_init_clcd     		CODE           	03A7	0000	11

clcd.c estimated size: 179

app.c
		_displaytime   		CODE           	03BF	0000	14
		_displayspeed  		CODE           	05DE	0000	58
		_displayevent  		CODE           	0387	0000	10
		_displayheader 		CODE           	0459	0000	30
		_gettime       		CODE           	0618	0000	81
		_display_dashboard		CODE           	043D	0000	28

app.c estimated size: 221

C:\Program Files\Microchip\xc8\v2.41\pic\sources\c90\common\strcpy.c
		_strcpy        		CODE           	04B3	0000	31

C:\Program Files\Microchip\xc8\v2.41\pic\sources\c90\common\strcpy.c estimated size: 31

C:\Program Files\Microchip\xc8\v2.41\pic\sources\c90\common\awmod.c
		___awmod       		CODE           	06C0	0000	89

C:\Program Files\Microchip\xc8\v2.41\pic\sources\c90\common\awmod.c estimated size: 89

main.c
		_getdata       		CODE           	0428	0000	21
		_main          		CODE           	0495	0000	30
		_init_config   		CODE           	0533	0000	36

main.c estimated size: 87

