Microchip MPLAB XC8 Compiler V2.41

Linker command line:

-W-3 \
  --edf=C:/Program Files/Microchip/MPLABX/v6.10/packs/Microchip/PIC16Fxxx_DFP/1.4.149/xc8\pic\dat\20230322214319_en.msgs \
  -cn -h+dist/default/debug\CBB.X.debug.sym \
  --cmf=dist/default/debug\CBB.X.debug.cmf -z -Q16F877A \
  -oC:\Users\Admin\AppData\Local\Temp\xcAser8.\driver_tmp_3.o \
  --defsym=__MPLAB_BUILD=1 --fixupoverflow=error \
  -Mdist/default/debug/CBB.X.debug.map \
  --md=C:\Users\Admin\AppData\Local\Temp\xcAser8.\driver_tmp_0.dat -E1 \
  -ver=XC8 Compiler --acfsm=1493 -ACODE=00h-07FFhx4 -ASTRCODE=00h-01FFFh \
  -ASTRING=00h-0FFhx32 -ACONST=00h-0FFhx32 -AENTRY=00h-0FFhx32 \
  -ACOMMON=070h-07Fh -ABANK0=020h-06Fh -ABANK1=0A0h-0EFh \
  -ABANK2=0110h-016Fh -ABANK3=0190h-01EFh \
  -ARAM=020h-06Fh,0A0h-0EFh,0110h-016Fh,0190h-01EFh \
  -AABS1=020h-07Fh,0A0h-0EFh,0110h-016Fh,0190h-01EFh -ASFR0=00h-01Fh \
  -ASFR1=080h-09Fh -ASFR2=0100h-010Fh -ASFR3=0180h-018Fh \
  -ACONFIG=02007h-02007h -DCONFIG=2 -AIDLOC=02000h-02003h -DIDLOC=2 \
  -AEEDATA=00h-0FFh/02100h -peeprom_data=EEDATA -DEEDATA=2 -DCODE=2 \
  -DSTRCODE=2 -DSTRING=2 -DCONST=2 -DENTRY=2 \
  -preset_vec=00h,intentry,init,end_init -ppowerup=CODE -pcinit=CODE \
  -pfunctab=ENTRY -k \
  C:\Users\Admin\AppData\Local\Temp\xcAser8.\driver_tmp_12.o \
  dist/default/debug\CBB.X.debug.o 

Object code version is 3.11

Machine type is 16F877A



                Name                               Link     Load   Length Selector   Space Scale
C:\Users\Admin\AppData\Local\Temp\xcAser8.\driver_tmp_12.o
                end_init                              0        0        3        0       0
                config                             2007     2007        1        0       4
dist/default/debug\CBB.X.debug.o
                cinit                               7E6      7E6       1A      FCC       0
                config                             2007     2007        1        0       4
                text32                              459      459       20      8B2       0
                text31                              479      479       20      8F2       0
                text30                              323      323        A      646       0
                text29                              3E0      3E0       1E      7C0       0
                text28                              77F      77F       67      EFE       0
                text27                              6C0      6C0       59      D80       0
                text26                              369      369       11      6D2       0
                text25                              59A      59A       3A      B34       0
                text24                              34E      34E        D      69C       0
                text23                              499      499       21      932       0
                text22                              311      311        9      622       0
                text21                              31A      31A        9      634       0
                text20                              32D      32D        B      65A       0
                text19                              338      338        B      670       0
                text18                              508      508       2B      A10       0
                text17                              618      618       51      C30       0
                text16                              35B      35B        E      6B6       0
                text15                              3C4      3C4       1C      788       0
                text14                              5D4      5D4       44      BA8       0
                text13                              37A      37A       12      6F4       0
                text12                              4DE      4DE       2A      9BC       0
                text11                              565      565       35      ACA       0
                text10                              302      302        7      604       0
                text9                               669      669       57      CD2       0
                text8                               343      343        B      686       0
                text7                               2FC      2FC        6      5F8       0
                text6                               3FE      3FE       1E      7FC       0
                text5                               39E      39E       13      73C       0
                text4                               719      719       66      E32       0
                text3                               533      533       32      A66       0
                text2                               4BA      4BA       24      974       0
                text1                               43A      43A       1F      874       0
                maintext                            41C      41C       1E      838       0
                cstackBANK0                          32       32       12       20       1
                cstackCOMMON                         70       70        E       70       1
                clrtext                             309      309        8      612       0
                inittext                            3B1      3B1       13      762       0
                dataBANK0                            20       20       12       20       1
                bssBANK0                             44       44       11       20       1
                strings                               3        3        9        6       0
                idataBANK0                          38C      38C       12      718       0

TOTAL           Name                               Link     Load   Length     Space
        CLASS   CODE           
                end_init                              0        0        3         0
                cinit                               7E6      7E6       1A         0
                text32                              459      459       20         0
                text31                              479      479       20         0
                text30                              323      323        A         0
                text29                              3E0      3E0       1E         0
                text28                              77F      77F       67         0
                text27                              6C0      6C0       59         0
                text26                              369      369       11         0
                text25                              59A      59A       3A         0
                text24                              34E      34E        D         0
                text23                              499      499       21         0
                text22                              311      311        9         0
                text21                              31A      31A        9         0
                text20                              32D      32D        B         0
                text19                              338      338        B         0
                text18                              508      508       2B         0
                text17                              618      618       51         0
                text16                              35B      35B        E         0
                text15                              3C4      3C4       1C         0
                text14                              5D4      5D4       44         0
                text13                              37A      37A       12         0
                text12                              4DE      4DE       2A         0
                text11                              565      565       35         0
                text10                              302      302        7         0
                text9                               669      669       57         0
                text8                               343      343        B         0
                text7                               2FC      2FC        6         0
                text6                               3FE      3FE       1E         0
                text5                               39E      39E       13         0
                text4                               719      719       66         0
                text3                               533      533       32         0
                text2                               4BA      4BA       24         0
                text1                               43A      43A       1F         0
                maintext                            41C      41C       1E         0
                clrtext                             309      309        8         0
                inittext                            3B1      3B1       13         0
                idataBANK0                          38C      38C       12         0

        CLASS   STRCODE        

        CLASS   STRING         
                strings                               3        3        9         0

        CLASS   CONST          

        CLASS   ENTRY          

        CLASS   COMMON         
                cstackCOMMON                         70       70        E         1

        CLASS   BANK0          
                cstackBANK0                          32       32       12         1
                dataBANK0                            20       20       12         1
                bssBANK0                             44       44       11         1

        CLASS   BANK1          

        CLASS   BANK2          

        CLASS   BANK3          

        CLASS   RAM            

        CLASS   ABS1           
                abs_s1                               7E       7E        2         1

        CLASS   SFR0           

        CLASS   SFR1           

        CLASS   SFR2           

        CLASS   SFR3           

        CLASS   CONFIG         
                config                             2007     2007        1         4

        CLASS   IDLOC          

        CLASS   EEDATA         

        CLASS   STACK          



SEGMENTS        Name                           Load    Length   Top    Selector   Space  Class     Delta

                reset_vec                      000000  000003  000003         0       0  CODE        2
                strings                        000003  000009  00000C         6       0  STRING      2
                dataBANK0                      000020  000035  000055        20       1  BANK0       1
                cstackCOMMON                   000070  00000E  00007E        70       1  COMMON      1
                text7                          0002FC  000006  000302       5F8       0  CODE        2
                text10                         000302  000007  000309       604       0  CODE        2
                clrtext                        000309  000008  000311       612       0  CODE        2
                text22                         000311  000009  00031A       622       0  CODE        2
                text21                         00031A  000009  000323       634       0  CODE        2
                text30                         000323  00000A  00032D       646       0  CODE        2
                text20                         00032D  00000B  000338       65A       0  CODE        2
                text19                         000338  00000B  000343       670       0  CODE        2
                text8                          000343  00000B  00034E       686       0  CODE        2
                text24                         00034E  00000D  00035B       69C       0  CODE        2
                text16                         00035B  00000E  000369       6B6       0  CODE        2
                text26                         000369  000011  00037A       6D2       0  CODE        2
                text13                         00037A  000012  00038C       6F4       0  CODE        2
                idataBANK0                     00038C  000012  00039E       718       0  CODE        2
                text5                          00039E  000013  0003B1       73C       0  CODE        2
                inittext                       0003B1  000013  0003C4       762       0  CODE        2
                text15                         0003C4  00001C  0003E0       788       0  CODE        2
                text29                         0003E0  00001E  0003FE       7C0       0  CODE        2
                text6                          0003FE  00001E  00041C       7FC       0  CODE        2
                maintext                       00041C  00001E  00043A       838       0  CODE        2
                text1                          00043A  00001F  000459       874       0  CODE        2
                text32                         000459  000020  000479       8B2       0  CODE        2
                text31                         000479  000020  000499       8F2       0  CODE        2
                text23                         000499  000021  0004BA       932       0  CODE        2
                text2                          0004BA  000024  0004DE       974       0  CODE        2
                text12                         0004DE  00002A  000508       9BC       0  CODE        2
                text18                         000508  00002B  000533       A10       0  CODE        2
                text3                          000533  000032  000565       A66       0  CODE        2
                text11                         000565  000035  00059A       ACA       0  CODE        2
                text25                         00059A  00003A  0005D4       B34       0  CODE        2
                text14                         0005D4  000044  000618       BA8       0  CODE        2
                text17                         000618  000051  000669       C30       0  CODE        2
                text9                          000669  000057  0006C0       CD2       0  CODE        2
                text27                         0006C0  000059  000719       D80       0  CODE        2
                text4                          000719  000066  00077F       E32       0  CODE        2
                text28                         00077F  000067  0007E6       EFE       0  CODE        2
                cinit                          0007E6  00001A  000800       FCC       0  CODE        2


UNUSED ADDRESS RANGES

        Name                Unused          Largest block    Delta
        BANK0            0055-006F             1B           1
        BANK1            00A0-00EF             50           1
        BANK2            0110-016F             60           1
        BANK3            0190-01EF             60           1
        CODE             000C-02FB            2F0           2
                         0800-1FFF            800
        CONST            000C-02FB            100           2
                         0800-1FFF            100
        EEDATA           2100-21FF            100           2
        ENTRY            000C-02FB            100           2
                         0800-1FFF            100
        IDLOC            2000-2003              4           2
        RAM              0055-006F             1B           1
                         00A0-00EF             50
                         0110-016F             60
                         0190-01EF             60
        SFR0             0000-001F             20           1
        SFR1             0080-009F             20           1
        SFR2             0100-010F             10           1
        SFR3             0180-018F             10           1
        STRCODE          000C-02FB            2F0           2
                         0800-1FFF           1800
        STRING           000C-02FB            100           2
                         0800-1FFF            100

                                  Symbol Table

?___awdiv                        cstackCOMMON 0070
?___awmod                        cstackCOMMON 0070
?___lldiv                        cstackCOMMON 0070
?___lwdiv                        cstackCOMMON 0070
?_read_adc                       cstackCOMMON 0070
_ACKDT                           (abs)        048D
_ACKEN                           (abs)        048C
_ACKSTAT                         (abs)        048E
_ADFM                            (abs)        04FF
_ADON                            (abs)        00F8
_ADRESH                          (abs)        001E
_ADRESL                          (abs)        009E
_GO                              (abs)        00FA
_PEN                             (abs)        048A
_PORTB                           (abs)        0006
_PORTD                           (abs)        0008
_RCEN                            (abs)        048B
_RE1                             (abs)        0049
_RE2                             (abs)        004A
_R_nW                            (abs)        04A2
_SEN                             (abs)        0488
_SSPADD                          (abs)        0093
_SSPBUF                          (abs)        0013
_SSPCON2                         (abs)        0091
_SSPEN                           (abs)        00A5
_SSPM3                           (abs)        00A3
_TRISB                           (abs)        0086
_TRISD                           (abs)        0088
_TRISE1                          (abs)        0449
_TRISE2                          (abs)        044A
__H__absolute__                  __absolute__ 0000
__Habs1                          abs1         0000
__Hbank0                         bank0        0000
__Hbank1                         bank1        0000
__Hbank2                         bank2        0000
__Hbank3                         bank3        0000
__HbssBANK0                      bssBANK0     0000
__Hcinit                         cinit        0800
__Hclrtext                       clrtext      0000
__Hcode                          code         0000
__Hcommon                        common       0000
__Hconfig                        config       2008
__HcstackBANK0                   cstackBANK0  0000
__HcstackCOMMON                  cstackCOMMON 0000
__HdataBANK0                     dataBANK0    0000
__Heeprom_data                   eeprom_data  0000
__Hend_init                      end_init     0003
__Hfunctab                       functab      0000
__HidataBANK0                    idataBANK0   0000
__Hinit                          init         0000
__Hinittext                      inittext     0000
__Hintentry                      intentry     0000
__Hmaintext                      maintext     0000
__Hpowerup                       powerup      0000
__Hram                           ram          0000
__Hreset_vec                     reset_vec    0000
__Hsfr0                          sfr0         0000
__Hsfr1                          sfr1         0000
__Hsfr2                          sfr2         0000
__Hsfr3                          sfr3         0000
__Hspace_0                       (abs)        0800
__Hspace_1                       (abs)        007E
__Hspace_2                       (abs)        0000
__Hspace_3                       (abs)        0000
__Hspace_4                       (abs)        400F
__Hstack                         stack        0000
__Hstrings                       strings      0000
__Htext                          text         0000
__L__absolute__                  __absolute__ 0000
__Labs1                          abs1         0000
__Lbank0                         bank0        0000
__Lbank1                         bank1        0000
__Lbank2                         bank2        0000
__Lbank3                         bank3        0000
__LbssBANK0                      bssBANK0     0000
__Lcinit                         cinit        07E6
__Lclrtext                       clrtext      0000
__Lcode                          code         0000
__Lcommon                        common       0000
__Lconfig                        config       0000
__LcstackBANK0                   cstackBANK0  0000
__LcstackCOMMON                  cstackCOMMON 0000
__LdataBANK0                     dataBANK0    0000
__Leeprom_data                   eeprom_data  0000
__Lend_init                      end_init     0000
__Lfunctab                       functab      0000
__LidataBANK0                    idataBANK0   0000
__Linit                          init         0000
__Linittext                      inittext     0000
__Lintentry                      intentry     0000
__Lmaintext                      maintext     0000
__Lpowerup                       powerup      0000
__Lram                           ram          0000
__Lreset_vec                     reset_vec    0000
__Lsfr0                          sfr0         0000
__Lsfr1                          sfr1         0000
__Lsfr2                          sfr2         0000
__Lsfr3                          sfr3         0000
__Lspace_0                       (abs)        0000
__Lspace_1                       (abs)        0000
__Lspace_2                       (abs)        0000
__Lspace_3                       (abs)        0000
__Lspace_4                       (abs)        0000
__Lstack                         stack        0000
__Lstrings                       strings      0000
__Ltext                          text         0000
__S0                             (abs)        0800
__S1                             (abs)        007E
__S3                             (abs)        0000
___awdiv                         text28       077F
___awdiv@counter                 cstackCOMMON 0074
___awdiv@dividend                cstackCOMMON 0072
___awdiv@divisor                 cstackCOMMON 0070
___awdiv@quotient                cstackCOMMON 0076
___awdiv@sign                    cstackCOMMON 0075
___awmod                         text27       06C0
___awmod@counter                 cstackCOMMON 0074
___awmod@dividend                cstackCOMMON 0072
___awmod@divisor                 cstackCOMMON 0070
___awmod@sign                    cstackCOMMON 0075
___int_sp                        stack        0000
___latbits                       (abs)        0002
___lldiv                         text4        0719
___lldiv@counter                 cstackCOMMON 007D
___lldiv@dividend                cstackCOMMON 0074
___lldiv@divisor                 cstackCOMMON 0070
___lldiv@quotient                cstackCOMMON 0079
___lwdiv                         text14       05D4
___lwdiv@counter                 cstackCOMMON 0076
___lwdiv@dividend                cstackCOMMON 0072
___lwdiv@divisor                 cstackCOMMON 0070
___lwdiv@quotient                cstackCOMMON 0074
___sp                            stack        0000
___stackhi                       (abs)        0000
___stacklo                       (abs)        0000
__end_of___awdiv                 text28       07E6
__end_of___awmod                 text27       0719
__end_of___lldiv                 text4        077F
__end_of___lwdiv                 text14       0618
__end_of__initialization         cinit        07FC
__end_of__stringtab              strings      0009
__end_of_clcd_print              text31       0499
__end_of_clcd_putch              text26       037A
__end_of_clcd_write              text32       0479
__end_of_display_dashboard       text15       03E0
__end_of_displayevent            text30       032D
__end_of_displayheader           text29       03FE
__end_of_displayspeed            text25       05D4
__end_of_displaytime             text16       0369
__end_of_getdata                 text11       059A
__end_of_gettime                 text17       0669
__end_of_i2c_read                text23       04BA
__end_of_i2c_rep_start           text20       0338
__end_of_i2c_start               text22       031A
__end_of_i2c_stop                text21       0323
__end_of_i2c_wait_for_idle       text24       035B
__end_of_i2c_write               text19       0343
__end_of_init_adc                text10       0309
__end_of_init_clcd               text8        034E
__end_of_init_config             text2        04DE
__end_of_init_digital_keypad     text7        0302
__end_of_init_display_controller text9        06C0
__end_of_init_ds1307             text5        03B1
__end_of_init_i2c                text3        0565
__end_of_main                    maintext     043A
__end_of_read_adc                text13       038C
__end_of_read_digital_keypad     text12       0508
__end_of_read_ds1307             text18       0533
__end_of_strcpy                  text1        0459
__end_of_write_ds1307            text6        041C
__initialization                 cinit        07E6
__pbssBANK0                      bssBANK0     0044
__pcstackBANK0                   cstackBANK0  0032
__pcstackCOMMON                  cstackCOMMON 0070
__pdataBANK0                     dataBANK0    0020
__pidataBANK0                    idataBANK0   038C
__pmaintext                      maintext     041C
__pstrings                       strings      0003
__ptext1                         text1        043A
__ptext10                        text10       0302
__ptext11                        text11       0565
__ptext12                        text12       04DE
__ptext13                        text13       037A
__ptext14                        text14       05D4
__ptext15                        text15       03C4
__ptext16                        text16       035B
__ptext17                        text17       0618
__ptext18                        text18       0508
__ptext19                        text19       0338
__ptext2                         text2        04BA
__ptext20                        text20       032D
__ptext21                        text21       031A
__ptext22                        text22       0311
__ptext23                        text23       0499
__ptext24                        text24       034E
__ptext25                        text25       059A
__ptext26                        text26       0369
__ptext27                        text27       06C0
__ptext28                        text28       077F
__ptext29                        text29       03E0
__ptext3                         text3        0533
__ptext30                        text30       0323
__ptext31                        text31       0479
__ptext32                        text32       0459
__ptext4                         text4        0719
__ptext5                         text5        039E
__ptext6                         text6        03FE
__ptext7                         text7        02FC
__ptext8                         text8        0343
__ptext9                         text9        0669
__stringbase                     strings      0008
__stringtab                      strings      0003
_clcd_print                      text31       0479
_clcd_putch                      text26       0369
_clcd_write                      text32       0459
_clocktime                       bssBANK0     0044
_display_dashboard               text15       03C4
_displayevent                    text30       0323
_displayheader                   text29       03E0
_displayspeed                    text25       059A
_displaytime                     text16       035B
_event                           bssBANK0     0053
_getdata                         text11       0565
_gettime                         text17       0618
_i2c_read                        text23       0499
_i2c_rep_start                   text20       032D
_i2c_start                       text22       0311
_i2c_stop                        text21       031A
_i2c_wait_for_idle               text24       034E
_i2c_write                       text19       0338
_init_adc                        text10       0302
_init_clcd                       text8        0343
_init_config                     text2        04BA
_init_digital_keypad             text7        02FC
_init_display_controller         text9        0669
_init_ds1307                     text5        039E
_init_i2c                        text3        0533
_key                             bssBANK0     0047
_main                            maintext     041C
_nDONE                           (abs)        00FA
_read_adc                        text13       037A
_read_digital_keypad             text12       04DE
_read_ds1307                     text18       0508
_speed                           bssBANK0     0051
_strcpy                          text1        043A
_time                            bssBANK0     0048
_write_ds1307                    text6        03FE
btemp                            (abs)        007E
clcd_print@addr                  cstackCOMMON 0074
clcd_print@str                   cstackCOMMON 0075
clcd_putch@addr                  cstackCOMMON 0078
clcd_putch@data                  cstackCOMMON 0079
clcd_write@byte                  cstackCOMMON 0073
clcd_write@mode                  cstackCOMMON 0070
clear_ram0                       clrtext      0309
display_dashboard@event          cstackBANK0  0043
display_dashboard@speed          cstackCOMMON 007D
displayevent@event               cstackCOMMON 0076
displayheader@F1007              dataBANK0    0020
displayheader@header             cstackBANK0  0032
displayspeed@speed               cstackCOMMON 007C
end_of_initialization            cinit        07FC
i2c_read@ack                     cstackCOMMON 0070
i2c_read@data                    cstackCOMMON 0071
i2c_write@data                   cstackCOMMON 0070
init_ds1307@dummy                cstackCOMMON 0074
init_fetch0                      inittext     03B1
init_i2c@baud                    cstackBANK0  0032
init_ram0                        inittext     03B5
intlevel0                        functab      0000
intlevel1                        functab      0000
intlevel2                        functab      0000
intlevel3                        functab      0000
intlevel4                        functab      0000
intlevel5                        functab      0000
read_adc@adc_reg_val             cstackCOMMON 0072
read_digital_keypad@mode         cstackCOMMON 0071
read_digital_keypad@once         dataBANK0    0031
read_ds1307@addr                 cstackCOMMON 0072
read_ds1307@data                 cstackCOMMON 0073
reset_vec                        reset_vec    0000
start                            init         0000
start_initialization             cinit        07E6
strcpy@cp                        cstackCOMMON 0072
strcpy@from                      cstackCOMMON 0070
strcpy@to                        cstackCOMMON 0071
write_ds1307@addr                cstackCOMMON 0072
write_ds1307@data                cstackCOMMON 0071
wtemp0                           (abs)        007E


MODULE INFORMATION

Module		Function		Class		Link	Load	Size
digital_keypad.c
		_init_digital_keypad		CODE           	02FC	0000	6
		_read_digital_keypad		CODE           	04DE	0000	42

digital_keypad.c estimated size: 48

C:\Program Files\Microchip\xc8\v2.41\pic\sources\c90\common\lwdiv.c
		___lwdiv       		CODE           	05D4	0000	68

C:\Program Files\Microchip\xc8\v2.41\pic\sources\c90\common\lwdiv.c estimated size: 68

C:\Program Files\Microchip\xc8\v2.41\pic\sources\c90\common\awdiv.c
		___awdiv       		CODE           	077F	0000	103

C:\Program Files\Microchip\xc8\v2.41\pic\sources\c90\common\awdiv.c estimated size: 103

C:\Program Files\Microchip\xc8\v2.41\pic\sources\c90\common\__lldiv.c
		___lldiv       		CODE           	0719	0000	102

C:\Program Files\Microchip\xc8\v2.41\pic\sources\c90\common\__lldiv.c estimated size: 102

i2c.c
		_i2c_start     		CODE           	0311	0000	9
		_i2c_rep_start 		CODE           	032D	0000	11
		_i2c_write     		CODE           	0338	0000	11
		_i2c_stop      		CODE           	031A	0000	9
		_i2c_read      		CODE           	0499	0000	33
		_init_i2c      		CODE           	0533	0000	50
		_i2c_wait_for_idle		CODE           	034E	0000	13

i2c.c estimated size: 136

ds1307.c
		_read_ds1307   		CODE           	0508	0000	43
		_write_ds1307  		CODE           	03FE	0000	30
		_init_ds1307   		CODE           	039E	0000	19

ds1307.c estimated size: 92

adc.c
		_init_adc      		CODE           	0302	0000	7
		_read_adc      		CODE           	037A	0000	18

adc.c estimated size: 25

shared
		__stringtab    		STRING         	0003	0000	6
		__initialization		CODE           	07E6	0000	22

shared estimated size: 28

clcd.c
		_clcd_write    		CODE           	0459	0000	32
		_clcd_print    		CODE           	0479	0000	32
		_clcd_putch    		CODE           	0369	0000	17
		_init_display_controller		CODE           	0669	0000	87
		_init_clcd     		CODE           	0343	0000	11

clcd.c estimated size: 179

app.c
		_displaytime   		CODE           	035B	0000	14
		_displayspeed  		CODE           	059A	0000	58
		_displayevent  		CODE           	0323	0000	10
		_displayheader 		CODE           	03E0	0000	30
		_gettime       		CODE           	0618	0000	81
		_display_dashboard		CODE           	03C4	0000	28

app.c estimated size: 221

C:\Program Files\Microchip\xc8\v2.41\pic\sources\c90\common\strcpy.c
		_strcpy        		CODE           	043A	0000	31

C:\Program Files\Microchip\xc8\v2.41\pic\sources\c90\common\strcpy.c estimated size: 31

C:\Program Files\Microchip\xc8\v2.41\pic\sources\c90\common\awmod.c
		___awmod       		CODE           	06C0	0000	89

C:\Program Files\Microchip\xc8\v2.41\pic\sources\c90\common\awmod.c estimated size: 89

main.c
		_getdata       		CODE           	0565	0000	53
		_main          		CODE           	041C	0000	30
		_init_config   		CODE           	04BA	0000	36

main.c estimated size: 119

